------------------------------------------------------------
Timing Analyzer Summary
------------------------------------------------------------

Type  : Slow 1200mV 85C Model Setup 'clk_50'
Slack : 4.202
TNS   : 0.000

Type  : Slow 1200mV 85C Model Hold 'clk_50'
Slack : 0.403
TNS   : 0.000

Type  : Slow 1200mV 85C Model Recovery 'clk_50'
Slack : 14.113
TNS   : 0.000

Type  : Slow 1200mV 85C Model Removal 'clk_50'
Slack : 3.365
TNS   : 0.000

Type  : Slow 1200mV 85C Model Minimum Pulse Width 'clk_50'
Slack : 9.757
TNS   : 0.000

Type  : Slow 1200mV 0C Model Setup 'clk_50'
Slack : 5.627
TNS   : 0.000

Type  : Slow 1200mV 0C Model Hold 'clk_50'
Slack : 0.355
TNS   : 0.000

Type  : Slow 1200mV 0C Model Recovery 'clk_50'
Slack : 14.540
TNS   : 0.000

Type  : Slow 1200mV 0C Model Removal 'clk_50'
Slack : 3.181
TNS   : 0.000

Type  : Slow 1200mV 0C Model Minimum Pulse Width 'clk_50'
Slack : 9.777
TNS   : 0.000

Type  : Fast 1200mV 0C Model Setup 'clk_50'
Slack : 8.666
TNS   : 0.000

Type  : Fast 1200mV 0C Model Hold 'clk_50'
Slack : 0.183
TNS   : 0.000

Type  : Fast 1200mV 0C Model Recovery 'clk_50'
Slack : 15.145
TNS   : 0.000

Type  : Fast 1200mV 0C Model Removal 'clk_50'
Slack : 2.640
TNS   : 0.000

Type  : Fast 1200mV 0C Model Minimum Pulse Width 'clk_50'
Slack : 9.437
TNS   : 0.000

------------------------------------------------------------
